# AC-11 — Agentic RAG Invocation Decisions

**Criteria:** AC-11 (agentic RAG)  
**Generated:** 2026-09-12T23:18:42+00:00  
**Regenerate:** `python scripts/generate_evidence.py`

> All data is synthetic. Identifiers are pseudonymised in traces (NFR-05).

---

`search_clinical_guidance` is a **bound tool, not a graph node**. Nothing in the
topology forces it to run; the model decides per case whether a lookup is warranted.
That is the difference between retrieval *inside the loop* and a fixed step.

Across the committed runs the agent issued **4** retrieval calls, all of its
own choosing, with queries it composed itself.

| case | retrieval calls |
|---|---|
| `case_001` | 0 |
| `case_002` | 0 |
| `case_003` | 1 |
| `case_004` | 3 |

## Queries the agent composed

### `case_001`

_The agent declined to retrieve on this run — it judged the case data sufficient. A scheduled retrieval step could not do this._


### `case_002`

_The agent declined to retrieve on this run — it judged the case data sufficient. A scheduled retrieval step could not do this._


### `case_003`

- **"discharge patient education packet format warfarin blood clot red flags"**  
  → ['anticoagulation_guidance.md', 'anticoagulation_guidance.md', 'anticoagulation_guidance.md'] _(top relevance 0.494)_

### `case_004`

- **"heart failure enhanced high risk discharge follow up pathway protocol"**  
  → ['hf_discharge_protocol.md', 'hf_discharge_protocol.md', 'followup_scheduling_standards.md'] _(top relevance 0.5424)_
- **"heart failure discharge follow up protocol requirements"**  
  → ['hf_discharge_protocol.md', 'hf_discharge_protocol.md', 'hf_discharge_protocol.md'] _(top relevance 0.626)_
- **"heart failure patient education daily weights red flags discharge guidance"**  
  → ['hf_discharge_protocol.md', 'hf_discharge_protocol.md'] _(top relevance 0.591)_

